[bio.link/tungtungop.html]
[cdn.bio.link/uploads/profile_pictures/2022-12-18/1ExVHTlni1rp85pkqFLn7hzYwC8MUGww.png]
[backblue.gif]
[fade.gif]
[index.html]
[bio.link/apple-touch-icon.png]
[bio.link/manifest.json]
[bio.link/images/flags11db.png]
[bio.link/images/flags@2x00a3.png]
[www.google.com/recaptcha/apidedb.js]
[assets.pinterest.com/js/pinit.js]
[bio.link/cdn-cgi/challenge-platform/h/g/scripts/alpha/invisible5615.js]
[plausible.io/js/plausible.js]
[lf16-tiktok-web.ttwstatic.com/obj/tiktok-web/tiktok/falcon/embed/embed_v1.0.11.js]
[bio.link/campaign/index.html]
[bio.link/u/index.html]
[bio.link/user/index.html]
[bio.link/form/index.html]
[bio.link/tungtungop.html]
[bio.link/api/pages/index.html]
[bio.link/campaign/index.html]
[bio.link/u/index.html]
[bio.link/user/index.html]
[bio.link/GET.html]
[bio.link/index.html]
[cdn.bio.link/uploads/profile_pictures/2021-09-25/5XRdVlssg15fDtZEduCQkWHsl6FovfXg.png]
[cdn.bio.link/matomo.js]
[bio.link/get]
[bio.link/form/get]
[bio.link/form/post]
[bio.link/form/GET]
[bio.link/form/index.html]
[bio.link/post]
[cdn.bio.link/uploads/profile_pictures/2021-07-26/tRu9S0IdaTZ1o2p16EA1BVgaL2DmmZtk.png]
[bio.link/GET.html]
[cdn.bio.link/og-image-min.jpg]
[bio.link/favicon.ico]
[bio.link/_nuxt/84168d6.js]
[bio.link/_nuxt/047831c.js]
[bio.link/_nuxt/bc346eb.js]
[bio.link/_nuxt/7a4bf06.js]
[bio.link/_nuxt/d8cce6f.js]
[bio.link/_nuxt/d075618.js]
[bio.link/_nuxt/fonts/Inter-Black.54c4088.ttf]
[bio.link/_nuxt/fonts/Inter-ExtraBold.55189dd.ttf]
[bio.link/_nuxt/fonts/Inter-Bold.3e3cb90.ttf]
[bio.link/_nuxt/fonts/Inter-Regular.9cd7588.ttf]
[bio.link/_nuxt/fonts/Inter-Light.e7dd139.ttf]
[bio.link/_nuxt/fonts/Inter-ExtraLight.19c859e.ttf]
[bio.link/_nuxt/fonts/Inter-Thin.dbd1349.ttf]
[cdn.bio.link/biolink/dashboard/backgrounds/hb-web-latest.png]
[bio.link/features.html]
[bio.link/faq.html]
[cdn.bio.link/landing/claim.jpg]
[cdn.bio.link/landing/all_links.jpg]
[cdn.bio.link/landing/use_it_everywhere.jpg]
[bio.link/austinarcher.html]
[bio.link/acmilan.html]
[cdn.bio.link/landing/user_2.jpg]
[bio.link/jo_franco.html]
[cdn.bio.link/landing/user-3_1.jpg]
[bio.link/padrepauloricardo.html]
[cdn.bio.link/landing/user-4.png]
[cdn.bio.link/landing/user_5_new.png]
[cdn.bio.link/landing/google-play.png]
[cdn.bio.link/landing/app-store.png]
[bio.link/biodotlink.html]
[bio.link/index.html]
[bio.link/get]
[bio.link/form/get.html]
[bio.link/form/post.html]
[bio.link/form/GET-2.html]
[bio.link/post]
[www.googletagmanager.com/gtm5445.html]
[bio.link/cdn-cgi/challenge-platform/h/g/scripts/cb/invisible8a8e.js]
[bio.link/_nuxt/22b1b83.js]
[bio.link/_nuxt/a5ba096.js]
[bio.link/_nuxt/45cabfe.js]
[bio.link/_nuxt/680df5e.js]
[cdn.bio.link/landing/google-play-dark.png]
[cdn.bio.link/landing/apple-store-dark.png]
[bio.link/features.html]
[bio.link/_nuxt/383b427.js]
[bio.link/cdn-cgi/l/email-protection.html]
[bio.link/faq.html]
[bio.link/austinarcher.html]
[bio.link/cdn-cgi/scripts/5c5dd728/cloudflare-static/email-decode.min.js]
[cdn.bio.link/uploads/profile_pictures/2021-07-21/cojLFWYybcSyrR2iz51P1wRhs57pt1xc.png]
[bio.link/acmilan.html]
[cdn.bio.link/uploads/profile_pictures/2022-02-01/MJydDIQSUWpqup5PrK9qGPYNFE0qReRX.png]
[bio.link/jo_franco.html]
[cdn.bio.link/uploads/profile_pictures/2022-04-06/8bPZqTbPpi3h4GgaEcbbey5MrXcZGSBx.png]
[bio.link/padrepauloricardo.html]
[cdn.bio.link/uploads/profile_pictures/2022-02-16/71zJ05CpqRBKWmQ2mzqv1TlmQQWMgmad.png]
[bio.link/biodotlink.html]
[bio.link/cdn-cgi/l/email-protection.html]
[bio.link/js/snowfall.js]
